Var: s  [line: 2]
.   Child: 0  Const 73 [line: 2]
Sibling: 1  Var: t  [line: 3]
.   Child: 0  Const 'A' [line: 3]
Sibling: 2  Var: u  [line: 3]
.   Child: 0  Const 'Z' [line: 3]
Sibling: 3  Func: main  [line: 5]
.   Child: 1  Compound [line: 5]
.   .   Child: 0  Var: i  [line: 6]
.   .   .   Child: 0  Const 666 [line: 6]
.   .   Sibling: 1  Var: a  [line: 7]
.   .   .   Child: 0  Const 666 [line: 7]
.   .   Sibling: 2  Var: y  [line: 8]
.   .   .   Child: 0  Const 'a' [line: 8]
.   .   Sibling: 3  Var: b  [line: 8]
.   .   Sibling: 4  Var: x  [line: 9]
.   .   Sibling: 5  Var: k  [line: 10]
.   .   .   Child: 0  Op: + [line: 10]
.   .   .   .   Child: 0  Op: * [line: 10]
.   .   .   .   .   Child: 0  Const 4 [line: 10]
.   .   .   .   .   Child: 1  Const 5 [line: 10]
.   .   .   .   Child: 1  Const 3 [line: 10]
.   .   Sibling: 6  Var: ba  [line: 11]
.   .   .   Child: 0  Const true [line: 11]
.   .   Sibling: 7  Var: bb  [line: 11]
.   .   .   Child: 0  Op: and [line: 11]
.   .   .   .   Child: 0  Const true [line: 11]
.   .   .   .   Child: 1  Op: not [line: 11]
.   .   .   .   .   Child: 0  Const false [line: 11]
.   .   Sibling: 8  Var: bc  [line: 11]
.   .   .   Child: 0  Op: > [line: 11]
.   .   .   .   Child: 0  Const 5 [line: 11]
.   .   .   .   Child: 1  Const 4 [line: 11]
.   .   Sibling: 9  Var: ca  [line: 12]
.   .   .   Child: 0  Const 'a' [line: 12]
.   .   Child: 1  Assign: := [line: 14]
.   .   .   Child: 0  Op: [ [line: 14]
.   .   .   .   Child: 0  Id: x [line: 14]
.   .   .   .   Child: 1  Const 1 [line: 14]
.   .   .   Child: 1  Const 111 [line: 14]
.   .   Sibling: 1  Assign: := [line: 15]
.   .   .   Child: 0  Id: a [line: 15]
.   .   .   Child: 1  Op: sizeof [line: 15]
.   .   .   .   Child: 0  Id: b [line: 15]
.   .   Sibling: 2  While [line: 16]
.   .   .   Child: 0  Op: < [line: 16]
.   .   .   .   Child: 0  Id: i [line: 16]
.   .   .   .   Child: 1  Const 10 [line: 16]
.   .   .   Child: 1  Compound [line: 16]
.   .   .   .   Child: 0  Var: y  [line: 17]
.   .   .   .   Sibling: 1  Var: t  [line: 18]
.   .   .   .   Child: 1  If [line: 19]
.   .   .   .   .   Child: 0  Id: t [line: 19]
.   .   .   .   .   Child: 1  Break [line: 19]
.   .   .   .   Sibling: 1  If [line: 20]
.   .   .   .   .   Child: 0  Id: t [line: 20]
.   .   .   .   .   Child: 1  Break [line: 20]
.   .   .   .   .   Child: 2  Return [line: 20]
.   .   .   .   Sibling: 2  Assign: := [line: 21]
.   .   .   .   .   Child: 0  Op: [ [line: 21]
.   .   .   .   .   .   Child: 0  Id: y [line: 21]
.   .   .   .   .   .   Child: 1  Const 2 [line: 21]
.   .   .   .   .   Child: 1  Const 222 [line: 21]
.   .   Sibling: 3  Compound [line: 23]
.   .   .   Child: 1  Compound [line: 24]
.   .   .   .   Child: 0  Var: z  [line: 25]
.   .   .   .   Child: 1  Assign: := [line: 26]
.   .   .   .   .   Child: 0  Op: [ [line: 26]
.   .   .   .   .   .   Child: 0  Id: z [line: 26]
.   .   .   .   .   .   Child: 1  Const 3 [line: 26]
.   .   .   .   .   Child: 1  Const 333 [line: 26]
.   .   Sibling: 4  Call: output [line: 29]
.   .   .   Child: 0  Const 666 [line: 29]
