Var: g  [line: 2]
Sibling: 1  Func: main  [line: 4]
.   Child: 1  Compound [line: 4]
.   .   Child: 0  Var: a  [line: 5]
.   .   Child: 1  Compound [line: 6]
.   .   .   Child: 0  Var: b  [line: 7]
.   .   .   Child: 1  Compound [line: 8]
.   .   .   .   Child: 0  Var: c  [line: 9]
.   .   Sibling: 1  Compound [line: 12]
.   .   .   Child: 0  Var: d  [line: 13]
.   .   .   Child: 1  Compound [line: 14]
.   .   .   .   Child: 0  Var: e  [line: 15]
.   .   .   .   Sibling: 1  Var: f  [line: 16]
