Func: main  [line: 1]
.   Child: 1  Compound [line: 2]
.   .   Child: 0  Var: x  [line: 5]
.   .   Sibling: 1  Var: y  [line: 6]
.   .   Sibling: 2  Var: z  [line: 6]
.   .   Child: 1  Assign: := [line: 8]
.   .   .   Child: 0  Id: x [line: 8]
.   .   .   Child: 1  Const 111 [line: 8]
.   .   Sibling: 1  Assign: := [line: 9]
.   .   .   Child: 0  Id: y [line: 9]
.   .   .   Child: 1  Const 222 [line: 9]
.   .   Sibling: 2  Assign: := [line: 10]
.   .   .   Child: 0  Id: z [line: 10]
.   .   .   Child: 1  Const 333 [line: 10]
