Var: walace  [line: 1]
Sibling: 1  Var: gromit  [line: 1]
Sibling: 2  Var: preston  [line: 2]
Sibling: 3  Func: dog  [line: 4]
.   Child: 0  Parm: corgi  [line: 4]
.   Child: 1  Compound [line: 4]
.   .   Child: 0  Var: cat  [line: 5]
.   .   Child: 1  Assign: := [line: 6]
.   .   .   Child: 0  Id: cat [line: 6]
.   .   .   Child: 1  Const 666 [line: 6]
.   .   Sibling: 1  Return [line: 8]
.   .   .   Child: 0  Id: cat [line: 8]
